// Jest Snapshot v1, https://goo.gl/fbAQLP

exports[`<Home /> renders component 1`] = `
"
Edit 
src/app.tsx
 and save to reload.
Learn React
"
`;
